127.0.0.1 - - [28/Nov/2019:10:18:13 +0530] "GET / HTTP/1.1" 404 1074
0:0:0:0:0:0:0:1 - - [28/Nov/2019:10:18:15 +0530] "GET /springmvc/WEB-INF/classes/com/ustglobal/springmvc/controller/HelloController.java HTTP/1.1" 404 1047
0:0:0:0:0:0:0:1 - - [28/Nov/2019:10:18:29 +0530] "GET /empwebapp/login.html HTTP/1.1" 404 1098
0:0:0:0:0:0:0:1 - - [28/Nov/2019:10:18:51 +0530] "GET /springmvc/hello HTTP/1.1" 500 8902
0:0:0:0:0:0:0:1 - - [28/Nov/2019:10:18:52 +0530] "GET /favicon.ico HTTP/1.1" 404 1085
0:0:0:0:0:0:0:1 - - [28/Nov/2019:10:29:21 +0530] "GET /springmvc/hello HTTP/1.1" 500 8902
0:0:0:0:0:0:0:1 - - [28/Nov/2019:10:29:44 +0530] "GET /springmvc/hello HTTP/1.1" 500 8902
127.0.0.1 - - [28/Nov/2019:10:32:22 +0530] "GET / HTTP/1.1" 404 1074
0:0:0:0:0:0:0:1 - - [28/Nov/2019:10:32:30 +0530] "GET /springmvc/hello HTTP/1.1" 500 8902
0:0:0:0:0:0:0:1 - - [28/Nov/2019:10:32:33 +0530] "GET /springmvc/hello HTTP/1.1" 500 8902
0:0:0:0:0:0:0:1 - - [28/Nov/2019:10:32:34 +0530] "GET /springmvc/hello HTTP/1.1" 500 8902
0:0:0:0:0:0:0:1 - - [28/Nov/2019:10:32:35 +0530] "GET /springmvc/hello HTTP/1.1" 500 8902
127.0.0.1 - - [28/Nov/2019:10:34:57 +0530] "GET / HTTP/1.1" 404 1074
0:0:0:0:0:0:0:1 - - [28/Nov/2019:10:35:08 +0530] "GET /springmvc/hello HTTP/1.1" 500 8902
0:0:0:0:0:0:0:1 - - [28/Nov/2019:10:35:13 +0530] "GET /springmvc/hello HTTP/1.1" 500 8902
0:0:0:0:0:0:0:1 - - [28/Nov/2019:10:35:14 +0530] "GET /springmvc/hello HTTP/1.1" 500 8902
127.0.0.1 - - [28/Nov/2019:10:37:50 +0530] "GET / HTTP/1.1" 404 1074
0:0:0:0:0:0:0:1 - - [28/Nov/2019:10:38:06 +0530] "GET /empwebapp/login.html HTTP/1.1" 404 1098
0:0:0:0:0:0:0:1 - - [28/Nov/2019:10:38:22 +0530] "GET /springmvc/hello HTTP/1.1" 500 8902
127.0.0.1 - - [28/Nov/2019:10:43:39 +0530] "GET / HTTP/1.1" 404 1074
0:0:0:0:0:0:0:1 - - [28/Nov/2019:10:43:53 +0530] "GET /springmvc/hello HTTP/1.1" 500 8902
0:0:0:0:0:0:0:1 - - [28/Nov/2019:10:44:06 +0530] "GET /springmvc/hello HTTP/1.1" 500 8902
127.0.0.1 - - [28/Nov/2019:10:52:17 +0530] "GET / HTTP/1.1" 404 1074
0:0:0:0:0:0:0:1 - - [28/Nov/2019:10:52:29 +0530] "GET /springmvc/hello HTTP/1.1" 200 56
127.0.0.1 - - [28/Nov/2019:11:38:53 +0530] "GET / HTTP/1.1" 404 1074
0:0:0:0:0:0:0:1 - - [28/Nov/2019:11:39:06 +0530] "GET /springmvc/hello HTTP/1.1" 200 56
0:0:0:0:0:0:0:1 - - [28/Nov/2019:11:39:18 +0530] "GET /springmvc/hi HTTP/1.1" 200 61
127.0.0.1 - - [28/Nov/2019:12:00:50 +0530] "GET / HTTP/1.1" 404 1074
0:0:0:0:0:0:0:1 - - [28/Nov/2019:12:01:04 +0530] "GET /springmvc/hello HTTP/1.1" 200 124
0:0:0:0:0:0:0:1 - - [28/Nov/2019:12:01:04 +0530] "GET /springmvc/hello HTTP/1.1" 200 124
0:0:0:0:0:0:0:1 - - [28/Nov/2019:12:01:30 +0530] "GET /springmvc/hi HTTP/1.1" 200 134
0:0:0:0:0:0:0:1 - - [28/Nov/2019:12:50:57 +0530] "GET /springmvc/hello HTTP/1.1" 400 1204
0:0:0:0:0:0:0:1 - - [28/Nov/2019:12:51:03 +0530] "GET /springmvc/name HTTP/1.1" 404 1047
0:0:0:0:0:0:0:1 - - [28/Nov/2019:12:51:09 +0530] "GET /springmvc/name HTTP/1.1" 404 1047
127.0.0.1 - - [28/Nov/2019:12:52:07 +0530] "GET / HTTP/1.1" 404 1074
0:0:0:0:0:0:0:1 - - [28/Nov/2019:12:52:22 +0530] "GET /springmvc/hi HTTP/1.1" 200 162
0:0:0:0:0:0:0:1 - - [28/Nov/2019:12:52:31 +0530] "GET /springmvc/hello HTTP/1.1" 400 1204
0:0:0:0:0:0:0:1 - - [28/Nov/2019:12:53:35 +0530] "GET /springmvc/hello?name=Manjunath&id=12 HTTP/1.1" 200 163
0:0:0:0:0:0:0:1 - - [28/Nov/2019:12:53:59 +0530] "GET /springmvc/hi?name=pavan&id=45 HTTP/1.1" 200 162
0:0:0:0:0:0:0:1 - - [28/Nov/2019:12:54:09 +0530] "GET /springmvc/hi?name=pavan&id=45 HTTP/1.1" 200 162
0:0:0:0:0:0:0:1 - - [28/Nov/2019:12:54:14 +0530] "GET /springmvc/hello?name=Manjunath&id=12 HTTP/1.1" 200 163
0:0:0:0:0:0:0:1 - - [28/Nov/2019:12:54:17 +0530] "GET /springmvc/hello?name=Manjunath&id=12 HTTP/1.1" 200 163
0:0:0:0:0:0:0:1 - - [28/Nov/2019:12:55:27 +0530] "GET /springmvc/hi HTTP/1.1" 200 162
127.0.0.1 - - [28/Nov/2019:13:07:25 +0530] "GET / HTTP/1.1" 404 1074
0:0:0:0:0:0:0:1 - - [28/Nov/2019:13:08:23 +0530] "GET /springmvc/hi/Pavan/1 HTTP/1.1" 500 1139
127.0.0.1 - - [28/Nov/2019:13:10:04 +0530] "GET / HTTP/1.1" 404 1074
0:0:0:0:0:0:0:1 - - [28/Nov/2019:13:10:11 +0530] "GET /springmvc/hi/Pavan/1 HTTP/1.1" 500 1139
0:0:0:0:0:0:0:1 - - [28/Nov/2019:13:10:20 +0530] "GET /springmvc/hi/Pavan/1 HTTP/1.1" 500 1139
0:0:0:0:0:0:0:1 - - [28/Nov/2019:13:11:20 +0530] "GET /springmvc/hi/Pavan/1 HTTP/1.1" 500 1139
127.0.0.1 - - [28/Nov/2019:13:37:17 +0530] "GET / HTTP/1.1" 404 1074
0:0:0:0:0:0:0:1 - - [28/Nov/2019:13:37:45 +0530] "GET /springmvc/form HTTP/1.1" 200 713
127.0.0.1 - - [28/Nov/2019:13:44:57 +0530] "GET / HTTP/1.1" 404 1074
0:0:0:0:0:0:0:1 - - [28/Nov/2019:13:45:06 +0530] "GET /springmvc/form HTTP/1.1" 200 731
0:0:0:0:0:0:0:1 - - [28/Nov/2019:13:45:12 +0530] "GET /springmvc/form HTTP/1.1" 200 731
127.0.0.1 - - [28/Nov/2019:13:46:00 +0530] "GET / HTTP/1.1" 404 1074
0:0:0:0:0:0:0:1 - - [28/Nov/2019:13:46:11 +0530] "GET /springmvc/form HTTP/1.1" 200 722
0:0:0:0:0:0:0:1 - - [28/Nov/2019:13:46:15 +0530] "GET /springmvc/form HTTP/1.1" 200 722
127.0.0.1 - - [28/Nov/2019:13:47:17 +0530] "GET / HTTP/1.1" 404 1074
0:0:0:0:0:0:0:1 - - [28/Nov/2019:13:47:31 +0530] "GET /springmvc/form HTTP/1.1" 200 711
127.0.0.1 - - [28/Nov/2019:13:50:37 +0530] "GET / HTTP/1.1" 404 1074
0:0:0:0:0:0:0:1 - - [28/Nov/2019:13:50:51 +0530] "GET /springmvc/form HTTP/1.1" 200 727
0:0:0:0:0:0:0:1 - - [28/Nov/2019:13:51:09 +0530] "POST /springmvc/form HTTP/1.1" 200 727
127.0.0.1 - - [28/Nov/2019:13:52:12 +0530] "GET / HTTP/1.1" 404 1074
0:0:0:0:0:0:0:1 - - [28/Nov/2019:13:52:39 +0530] "GET /springmvc/form HTTP/1.1" 200 705
0:0:0:0:0:0:0:1 - - [28/Nov/2019:13:53:01 +0530] "POST /springmvc/form HTTP/1.1" 200 705
0:0:0:0:0:0:0:1 - - [28/Nov/2019:13:53:23 +0530] "POST /springmvc/form HTTP/1.1" 200 705
0:0:0:0:0:0:0:1 - - [28/Nov/2019:13:54:08 +0530] "POST /springmvc/form HTTP/1.1" 200 705
0:0:0:0:0:0:0:1 - - [28/Nov/2019:13:54:26 +0530] "POST /springmvc/form HTTP/1.1" 200 183
127.0.0.1 - - [28/Nov/2019:15:00:56 +0530] "GET / HTTP/1.1" 404 1074
0:0:0:0:0:0:0:1 - - [28/Nov/2019:15:01:09 +0530] "GET /springmvc/form HTTP/1.1" 200 720
0:0:0:0:0:0:0:1 - - [28/Nov/2019:15:01:11 +0530] "GET /springmvc/form HTTP/1.1" 200 720
0:0:0:0:0:0:0:1 - - [28/Nov/2019:15:01:21 +0530] "GET /springmvc/form HTTP/1.1" 200 720
127.0.0.1 - - [28/Nov/2019:15:02:22 +0530] "GET / HTTP/1.1" 404 1074
0:0:0:0:0:0:0:1 - - [28/Nov/2019:15:03:38 +0530] "POST /springmvc/form HTTP/1.1" 200 188
127.0.0.1 - - [28/Nov/2019:15:15:57 +0530] "GET / HTTP/1.1" 404 1074
0:0:0:0:0:0:0:1 - - [28/Nov/2019:15:16:14 +0530] "GET /springmvc/form HTTP/1.1" 200 794
127.0.0.1 - - [28/Nov/2019:15:21:45 +0530] "GET / HTTP/1.1" 404 1074
0:0:0:0:0:0:0:1 - - [28/Nov/2019:15:22:00 +0530] "GET /springmvc/form HTTP/1.1" 200 856
0:0:0:0:0:0:0:1 - - [28/Nov/2019:15:22:00 +0530] "GET /springmvc/form HTTP/1.1" 200 856
127.0.0.1 - - [28/Nov/2019:15:23:16 +0530] "GET / HTTP/1.1" 404 1074
0:0:0:0:0:0:0:1 - - [28/Nov/2019:15:23:27 +0530] "GET /springmvc/form HTTP/1.1" 200 870
0:0:0:0:0:0:0:1 - - [28/Nov/2019:15:23:27 +0530] "GET /springmvc/form HTTP/1.1" 200 870
127.0.0.1 - - [28/Nov/2019:15:26:47 +0530] "GET / HTTP/1.1" 404 1074
0:0:0:0:0:0:0:1 - - [28/Nov/2019:15:26:55 +0530] "GET /springmvc/form HTTP/1.1" 200 896
0:0:0:0:0:0:0:1 - - [28/Nov/2019:15:27:25 +0530] "POST /springmvc/form HTTP/1.1" 400 1127
127.0.0.1 - - [28/Nov/2019:15:28:47 +0530] "GET / HTTP/1.1" 404 1074
0:0:0:0:0:0:0:1 - - [28/Nov/2019:15:29:20 +0530] "GET /springmvc/form HTTP/1.1" 200 914
0:0:0:0:0:0:0:1 - - [28/Nov/2019:15:29:46 +0530] "POST /springmvc/form HTTP/1.1" 400 1127
127.0.0.1 - - [28/Nov/2019:15:31:52 +0530] "GET / HTTP/1.1" 404 1074
0:0:0:0:0:0:0:1 - - [28/Nov/2019:15:32:02 +0530] "GET /springmvc/form HTTP/1.1" 200 914
0:0:0:0:0:0:0:1 - - [28/Nov/2019:15:32:19 +0530] "POST /springmvc/form HTTP/1.1" 400 1127
127.0.0.1 - - [28/Nov/2019:15:34:01 +0530] "GET / HTTP/1.1" 404 1074
0:0:0:0:0:0:0:1 - - [28/Nov/2019:15:34:13 +0530] "GET /springmvc/form HTTP/1.1" 200 914
0:0:0:0:0:0:0:1 - - [28/Nov/2019:15:34:31 +0530] "POST /springmvc/form HTTP/1.1" 400 1127
127.0.0.1 - - [28/Nov/2019:15:35:31 +0530] "GET / HTTP/1.1" 404 1074
0:0:0:0:0:0:0:1 - - [28/Nov/2019:15:35:48 +0530] "GET /springmvc/form HTTP/1.1" 200 914
0:0:0:0:0:0:0:1 - - [28/Nov/2019:15:36:29 +0530] "POST /springmvc/form HTTP/1.1" 400 1127
127.0.0.1 - - [28/Nov/2019:15:37:43 +0530] "GET / HTTP/1.1" 404 1074
0:0:0:0:0:0:0:1 - - [28/Nov/2019:15:37:54 +0530] "GET /springmvc/form HTTP/1.1" 200 914
0:0:0:0:0:0:0:1 - - [28/Nov/2019:15:38:13 +0530] "POST /springmvc/form HTTP/1.1" 200 255
127.0.0.1 - - [28/Nov/2019:15:39:37 +0530] "GET / HTTP/1.1" 404 1074
0:0:0:0:0:0:0:1 - - [28/Nov/2019:15:39:53 +0530] "GET /springmvc/form HTTP/1.1" 200 914
0:0:0:0:0:0:0:1 - - [28/Nov/2019:15:40:14 +0530] "POST /springmvc/form HTTP/1.1" 200 366
127.0.0.1 - - [28/Nov/2019:16:01:17 +0530] "GET / HTTP/1.1" 404 1074
0:0:0:0:0:0:0:1 - - [28/Nov/2019:16:02:35 +0530] "GET /springmvc/form HTTP/1.1" 200 914
0:0:0:0:0:0:0:1 - - [28/Nov/2019:16:02:43 +0530] "GET /springmvc/cookie HTTP/1.1" 404 1047
0:0:0:0:0:0:0:1 - - [28/Nov/2019:16:05:24 +0530] "GET /springmvc/create-cookie HTTP/1.1" 404 1125
127.0.0.1 - - [28/Nov/2019:16:06:15 +0530] "GET / HTTP/1.1" 404 1074
0:0:0:0:0:0:0:1 - - [28/Nov/2019:16:06:28 +0530] "GET /springmvc/create-cookie HTTP/1.1" 404 1125
127.0.0.1 - - [28/Nov/2019:16:08:47 +0530] "GET / HTTP/1.1" 404 1074
0:0:0:0:0:0:0:1 - - [28/Nov/2019:16:08:59 +0530] "GET /springmvc/create-cookie HTTP/1.1" 200 174
0:0:0:0:0:0:0:1 - - [28/Nov/2019:16:09:14 +0530] "GET /springmvc/read-cookie HTTP/1.1" 200 183
127.0.0.1 - - [28/Nov/2019:16:18:34 +0530] "GET / HTTP/1.1" 404 1074
0:0:0:0:0:0:0:1 - - [28/Nov/2019:16:18:56 +0530] "GET /springmvc/read-cookie HTTP/1.1" 200 183
0:0:0:0:0:0:0:1 - - [28/Nov/2019:16:19:18 +0530] "GET /springmvc/redirect HTTP/1.1" 302 -
127.0.0.1 - - [28/Nov/2019:16:21:18 +0530] "GET / HTTP/1.1" 404 1074
0:0:0:0:0:0:0:1 - - [28/Nov/2019:16:21:39 +0530] "GET /springmvc/redirect HTTP/1.1" 302 -
127.0.0.1 - - [28/Nov/2019:16:24:56 +0530] "GET / HTTP/1.1" 404 1074
0:0:0:0:0:0:0:1 - - [28/Nov/2019:16:25:13 +0530] "GET /springmvc/forward HTTP/1.1" 404 1047
127.0.0.1 - - [28/Nov/2019:16:27:00 +0530] "GET / HTTP/1.1" 404 1074
0:0:0:0:0:0:0:1 - - [28/Nov/2019:16:27:11 +0530] "GET /springmvc/forward HTTP/1.1" 404 1047
127.0.0.1 - - [28/Nov/2019:16:28:13 +0530] "GET / HTTP/1.1" 404 1074
0:0:0:0:0:0:0:1 - - [28/Nov/2019:16:28:23 +0530] "GET /springmvc/forward HTTP/1.1" 200 914
