127.0.0.1 - - [14/Nov/2019:09:15:58 +0530] "GET / HTTP/1.1" 404 1074
0:0:0:0:0:0:0:1 - - [14/Nov/2019:09:16:42 +0530] "GET /WebApp/redirect HTTP/1.1" 302 -
0:0:0:0:0:0:0:1 - - [14/Nov/2019:09:17:22 +0530] "-" 400 2255
0:0:0:0:0:0:0:1 - - [14/Nov/2019:09:17:22 +0530] "-" 400 2255
0:0:0:0:0:0:0:1 - - [14/Nov/2019:09:17:41 +0530] "GET /WebApp/redirect HTTP/1.1" 302 -
0:0:0:0:0:0:0:1 - - [14/Nov/2019:09:18:57 +0530] "-" 400 2255
0:0:0:0:0:0:0:1 - - [14/Nov/2019:09:18:57 +0530] "-" 400 2255
0:0:0:0:0:0:0:1 - - [14/Nov/2019:09:19:04 +0530] "-" 400 2255
0:0:0:0:0:0:0:1 - - [14/Nov/2019:09:19:04 +0530] "-" 400 2255
0:0:0:0:0:0:0:1 - - [14/Nov/2019:09:19:35 +0530] "-" 400 2255
0:0:0:0:0:0:0:1 - - [14/Nov/2019:09:19:35 +0530] "-" 400 2255
0:0:0:0:0:0:0:1 - - [14/Nov/2019:09:19:35 +0530] "-" 400 2255
0:0:0:0:0:0:0:1 - - [14/Nov/2019:09:20:31 +0530] "GET /WebApp/form.html HTTP/1.1" 304 -
0:0:0:0:0:0:0:1 - - [14/Nov/2019:09:20:38 +0530] "GET /favicon.ico HTTP/1.1" 404 1085
0:0:0:0:0:0:0:1 - - [14/Nov/2019:09:20:56 +0530] "GET /WebApp/first HTTP/1.1" 200 188
0:0:0:0:0:0:0:1 - - [14/Nov/2019:09:22:55 +0530] "GET /WebApp/redirect HTTP/1.1" 302 -
127.0.0.1 - - [14/Nov/2019:09:44:16 +0530] "GET / HTTP/1.1" 404 1074
0:0:0:0:0:0:0:1 - - [14/Nov/2019:09:44:51 +0530] "GET /WebApp/redirect HTTP/1.1" 302 -
0:0:0:0:0:0:0:1 - - [14/Nov/2019:09:46:59 +0530] "GET /WebApp/search.html HTTP/1.1" 200 336
0:0:0:0:0:0:0:1 - - [14/Nov/2019:09:47:21 +0530] "GET /WebApp/redirect?search=Manjunath HTTP/1.1" 302 -
0:0:0:0:0:0:0:1 - - [14/Nov/2019:09:47:40 +0530] "GET /WebApp/redirect?search=redirect HTTP/1.1" 302 -
127.0.0.1 - - [14/Nov/2019:10:05:02 +0530] "GET / HTTP/1.1" 404 1074
0:0:0:0:0:0:0:1 - - [14/Nov/2019:10:05:27 +0530] "GET /WebApp/search.html HTTP/1.1" 200 661
0:0:0:0:0:0:0:1 - - [14/Nov/2019:10:05:48 +0530] "GET /WebApp/search.html HTTP/1.1" 304 -
0:0:0:0:0:0:0:1 - - [14/Nov/2019:10:06:08 +0530] "GET /WebApp/redirect?search=&select=Yahoo HTTP/1.1" 302 -
127.0.0.1 - - [14/Nov/2019:10:07:51 +0530] "GET / HTTP/1.1" 404 1074
0:0:0:0:0:0:0:1 - - [14/Nov/2019:10:08:07 +0530] "GET /WebApp/search.html HTTP/1.1" 304 -
0:0:0:0:0:0:0:1 - - [14/Nov/2019:10:08:12 +0530] "GET /WebApp/redirect?search=&select=Yahoo HTTP/1.1" 302 -
0:0:0:0:0:0:0:1 - - [14/Nov/2019:10:08:26 +0530] "GET /WebApp/redirect?search=yahoo&select=Yahoo HTTP/1.1" 302 -
0:0:0:0:0:0:0:1 - - [14/Nov/2019:10:15:26 +0530] "GET /WebApp/search.html HTTP/1.1" 200 700
0:0:0:0:0:0:0:1 - - [14/Nov/2019:10:15:28 +0530] "GET /WebApp/search.html HTTP/1.1" 304 -
0:0:0:0:0:0:0:1 - - [14/Nov/2019:10:15:41 +0530] "GET /WebApp/search.html HTTP/1.1" 200 661
0:0:0:0:0:0:0:1 - - [14/Nov/2019:10:15:42 +0530] "GET /WebApp/search.html HTTP/1.1" 304 -
0:0:0:0:0:0:0:1 - - [14/Nov/2019:10:15:43 +0530] "GET /WebApp/search.html HTTP/1.1" 304 -
0:0:0:0:0:0:0:1 - - [14/Nov/2019:10:15:43 +0530] "GET /WebApp/search.html HTTP/1.1" 304 -
0:0:0:0:0:0:0:1 - - [14/Nov/2019:10:15:46 +0530] "GET /WebApp/redirect?search=&select=Bing HTTP/1.1" 302 -
127.0.0.1 - - [14/Nov/2019:10:25:50 +0530] "GET / HTTP/1.1" 404 1074
0:0:0:0:0:0:0:1 - - [14/Nov/2019:10:25:56 +0530] "GET /WebApp/forward HTTP/1.1" 200 188
127.0.0.1 - - [14/Nov/2019:10:44:41 +0530] "GET / HTTP/1.1" 404 1074
0:0:0:0:0:0:0:1 - - [14/Nov/2019:10:45:11 +0530] "GET /WebApp/include HTTP/1.1" 200 248
127.0.0.1 - - [14/Nov/2019:10:56:12 +0530] "GET / HTTP/1.1" 404 1074
0:0:0:0:0:0:0:1 - - [14/Nov/2019:10:57:12 +0530] "POST /WebApp/form HTTP/1.1" 200 157
127.0.0.1 - - [14/Nov/2019:10:58:01 +0530] "GET / HTTP/1.1" 404 1074
0:0:0:0:0:0:0:1 - - [14/Nov/2019:10:58:30 +0530] "POST /WebApp/form HTTP/1.1" 200 152
127.0.0.1 - - [14/Nov/2019:11:02:58 +0530] "GET / HTTP/1.1" 404 1074
0:0:0:0:0:0:0:1 - - [14/Nov/2019:11:03:36 +0530] "POST /WebApp/form HTTP/1.1" 200 153
0:0:0:0:0:0:0:1 - - [14/Nov/2019:11:05:55 +0530] "GET /favicon.ico HTTP/1.1" 404 1085
0:0:0:0:0:0:0:1 - - [14/Nov/2019:11:06:15 +0530] "POST /WebApp/form HTTP/1.1" 200 155
127.0.0.1 - - [14/Nov/2019:11:08:14 +0530] "GET / HTTP/1.1" 404 1074
0:0:0:0:0:0:0:1 - - [14/Nov/2019:11:08:39 +0530] "GET /WebApp/form HTTP/1.1" 405 1116
0:0:0:0:0:0:0:1 - - [14/Nov/2019:11:08:45 +0530] "GET /WebApp/form HTTP/1.1" 405 1116
0:0:0:0:0:0:0:1 - - [14/Nov/2019:11:08:48 +0530] "GET /WebApp/form HTTP/1.1" 405 1116
127.0.0.1 - - [14/Nov/2019:11:09:19 +0530] "GET / HTTP/1.1" 404 1074
0:0:0:0:0:0:0:1 - - [14/Nov/2019:11:09:24 +0530] "GET /WebApp/form HTTP/1.1" 405 1116
0:0:0:0:0:0:0:1 - - [14/Nov/2019:11:09:38 +0530] "POST /WebApp/form HTTP/1.1" 200 151
0:0:0:0:0:0:0:1 - - [14/Nov/2019:11:11:51 +0530] "POST /WebApp/form HTTP/1.1" 200 152
127.0.0.1 - - [14/Nov/2019:11:12:29 +0530] "GET / HTTP/1.1" 404 1074
0:0:0:0:0:0:0:1 - - [14/Nov/2019:11:13:00 +0530] "POST /WebApp/form HTTP/1.1" 200 153
127.0.0.1 - - [14/Nov/2019:11:14:35 +0530] "GET / HTTP/1.1" 404 1074
0:0:0:0:0:0:0:1 - - [14/Nov/2019:11:15:11 +0530] "POST /WebApp/form HTTP/1.1" 200 152
127.0.0.1 - - [14/Nov/2019:11:21:05 +0530] "GET / HTTP/1.1" 404 1074
0:0:0:0:0:0:0:1 - - [14/Nov/2019:11:21:31 +0530] "POST /WebApp/form HTTP/1.1" 200 149
127.0.0.1 - - [14/Nov/2019:11:24:09 +0530] "GET / HTTP/1.1" 404 1074
127.0.0.1 - - [14/Nov/2019:11:24:28 +0530] "GET / HTTP/1.1" 404 1074
0:0:0:0:0:0:0:1 - - [14/Nov/2019:11:24:44 +0530] "GET /WebApp/form.html HTTP/1.1" 200 368
0:0:0:0:0:0:0:1 - - [14/Nov/2019:11:24:56 +0530] "POST /WebApp/form-include HTTP/1.1" 200 228
127.0.0.1 - - [14/Nov/2019:11:27:17 +0530] "GET / HTTP/1.1" 404 1074
0:0:0:0:0:0:0:1 - - [14/Nov/2019:11:27:33 +0530] "GET /WebApp/form.html HTTP/1.1" 404 1094
127.0.0.1 - - [14/Nov/2019:11:29:07 +0530] "GET / HTTP/1.1" 404 1074
0:0:0:0:0:0:0:1 - - [14/Nov/2019:11:29:17 +0530] "GET /WebApp/form.html HTTP/1.1" 404 1094
0:0:0:0:0:0:0:1 - - [14/Nov/2019:11:29:21 +0530] "GET /WebApp/form.html HTTP/1.1" 404 1094
0:0:0:0:0:0:0:1 - - [14/Nov/2019:11:29:22 +0530] "GET /WebApp/form.html HTTP/1.1" 404 1094
0:0:0:0:0:0:0:1 - - [14/Nov/2019:11:29:30 +0530] "GET /WebApp/form.html HTTP/1.1" 404 1094
127.0.0.1 - - [14/Nov/2019:11:30:11 +0530] "GET / HTTP/1.1" 404 1074
0:0:0:0:0:0:0:1 - - [14/Nov/2019:11:30:39 +0530] "GET /WebApp/form.html HTTP/1.1" 200 368
0:0:0:0:0:0:0:1 - - [14/Nov/2019:11:30:40 +0530] "GET /favicon.ico HTTP/1.1" 404 1085
0:0:0:0:0:0:0:1 - - [14/Nov/2019:11:30:49 +0530] "POST /WebApp/form-include HTTP/1.1" 200 226
127.0.0.1 - - [14/Nov/2019:11:31:29 +0530] "GET / HTTP/1.1" 404 1074
0:0:0:0:0:0:0:1 - - [14/Nov/2019:11:31:45 +0530] "GET /WebApp/form.html HTTP/1.1" 404 1094
127.0.0.1 - - [14/Nov/2019:11:43:46 +0530] "GET / HTTP/1.1" 404 1074
0:0:0:0:0:0:0:1 - - [14/Nov/2019:11:44:03 +0530] "GET /WebApp/form.html HTTP/1.1" 200 368
0:0:0:0:0:0:0:1 - - [14/Nov/2019:11:44:07 +0530] "POST /WebApp/form-forward HTTP/1.1" 200 123
0:0:0:0:0:0:0:1 - - [14/Nov/2019:11:44:16 +0530] "POST /WebApp/form-forward HTTP/1.1" 200 150
0:0:0:0:0:0:0:1 - - [14/Nov/2019:11:46:28 +0530] "GET /WebApp/create-cookie HTTP/1.1" 200 25
0:0:0:0:0:0:0:1 - - [14/Nov/2019:11:48:20 +0530] "GET /WebApp/create-cookie HTTP/1.1" 200 25
0:0:0:0:0:0:0:1 - - [14/Nov/2019:11:50:46 +0530] "GET /WebApp/create-cookie HTTP/1.1" 200 25
127.0.0.1 - - [14/Nov/2019:12:07:10 +0530] "GET / HTTP/1.1" 404 1074
0:0:0:0:0:0:0:1 - - [14/Nov/2019:12:07:22 +0530] "GET /WebApp/read-cookie HTTP/1.1" 200 -
0:0:0:0:0:0:0:1 - - [14/Nov/2019:12:07:31 +0530] "GET /WebApp/read-cookie HTTP/1.1" 200 -
0:0:0:0:0:0:0:1 - - [14/Nov/2019:12:07:34 +0530] "GET /WebApp/read-cookie HTTP/1.1" 200 -
0:0:0:0:0:0:0:1 - - [14/Nov/2019:12:07:35 +0530] "GET /WebApp/read-cookie HTTP/1.1" 200 -
0:0:0:0:0:0:0:1 - - [14/Nov/2019:12:07:36 +0530] "GET /WebApp/read-cookie HTTP/1.1" 200 -
0:0:0:0:0:0:0:1 - - [14/Nov/2019:12:07:38 +0530] "GET /WebApp/read-cookie HTTP/1.1" 200 -
0:0:0:0:0:0:0:1 - - [14/Nov/2019:12:07:39 +0530] "GET /WebApp/read-cookie HTTP/1.1" 200 -
0:0:0:0:0:0:0:1 - - [14/Nov/2019:12:07:47 +0530] "GET /WebApp/head-cookie HTTP/1.1" 404 1096
0:0:0:0:0:0:0:1 - - [14/Nov/2019:12:08:05 +0530] "GET /WebApp/read-cookie HTTP/1.1" 200 -
127.0.0.1 - - [14/Nov/2019:12:09:02 +0530] "GET / HTTP/1.1" 404 1074
0:0:0:0:0:0:0:1 - - [14/Nov/2019:12:09:12 +0530] "GET /WebApp/read-cookie HTTP/1.1" 200 -
0:0:0:0:0:0:0:1 - - [14/Nov/2019:12:09:24 +0530] "GET /WebApp/read-cookie HTTP/1.1" 200 -
0:0:0:0:0:0:0:1 - - [14/Nov/2019:12:09:48 +0530] "GET /WebApp/create-cookie HTTP/1.1" 200 25
0:0:0:0:0:0:0:1 - - [14/Nov/2019:12:09:49 +0530] "GET /WebApp/create-cookie HTTP/1.1" 200 25
0:0:0:0:0:0:0:1 - - [14/Nov/2019:12:09:50 +0530] "GET /WebApp/create-cookie HTTP/1.1" 200 25
0:0:0:0:0:0:0:1 - - [14/Nov/2019:12:09:50 +0530] "GET /WebApp/create-cookie HTTP/1.1" 200 25
0:0:0:0:0:0:0:1 - - [14/Nov/2019:12:10:04 +0530] "GET /WebApp/create-cookie HTTP/1.1" 200 25
0:0:0:0:0:0:0:1 - - [14/Nov/2019:12:10:13 +0530] "GET /WebApp/read-cookie HTTP/1.1" 200 -
0:0:0:0:0:0:0:1 - - [14/Nov/2019:12:10:15 +0530] "GET /WebApp/read-cookie HTTP/1.1" 200 -
0:0:0:0:0:0:0:1 - - [14/Nov/2019:12:10:47 +0530] "GET /WebApp/read-cookie HTTP/1.1" 200 -
127.0.0.1 - - [14/Nov/2019:12:14:04 +0530] "GET / HTTP/1.1" 404 1074
0:0:0:0:0:0:0:1 - - [14/Nov/2019:12:14:24 +0530] "GET /WebApp/read-cookie HTTP/1.1" 200 -
0:0:0:0:0:0:0:1 - - [14/Nov/2019:12:14:33 +0530] "GET /WebApp/read-cookie HTTP/1.1" 200 -
127.0.0.1 - - [14/Nov/2019:12:21:45 +0530] "GET / HTTP/1.1" 404 1074
127.0.0.1 - - [14/Nov/2019:12:22:03 +0530] "GET / HTTP/1.1" 404 1074
0:0:0:0:0:0:0:1 - - [14/Nov/2019:12:22:22 +0530] "GET /WebApp/read-cookie HTTP/1.1" 200 52
0:0:0:0:0:0:0:1 - - [14/Nov/2019:12:22:36 +0530] "GET /WebApp/read-cookie HTTP/1.1" 200 52
0:0:0:0:0:0:0:1 - - [14/Nov/2019:12:22:38 +0530] "GET /WebApp/read-cookie HTTP/1.1" 200 52
0:0:0:0:0:0:0:1 - - [14/Nov/2019:12:22:39 +0530] "GET /WebApp/read-cookie HTTP/1.1" 200 52
0:0:0:0:0:0:0:1 - - [14/Nov/2019:12:22:40 +0530] "GET /WebApp/read-cookie HTTP/1.1" 200 52
127.0.0.1 - - [14/Nov/2019:15:37:53 +0530] "GET / HTTP/1.1" 404 1074
0:0:0:0:0:0:0:1 - - [14/Nov/2019:15:38:16 +0530] "GET /WebApp/get-context HTTP/1.1" 500 3810
0:0:0:0:0:0:0:1 - - [14/Nov/2019:15:38:17 +0530] "GET /favicon.ico HTTP/1.1" 404 1085
0:0:0:0:0:0:0:1 - - [14/Nov/2019:15:38:31 +0530] "GET /WebApp/set-context HTTP/1.1" 200 44
0:0:0:0:0:0:0:1 - - [14/Nov/2019:15:39:26 +0530] "GET /WebApp/get-context HTTP/1.1" 404 1047
0:0:0:0:0:0:0:1 - - [14/Nov/2019:15:39:38 +0530] "GET /WebApp/get-context HTTP/1.1" 404 1047
0:0:0:0:0:0:0:1 - - [14/Nov/2019:15:39:40 +0530] "GET /WebApp/get-context HTTP/1.1" 404 1047
0:0:0:0:0:0:0:1 - - [14/Nov/2019:15:40:29 +0530] "GET /WebApp/get-context HTTP/1.1" 404 1047
127.0.0.1 - - [14/Nov/2019:15:42:27 +0530] "GET / HTTP/1.1" 404 1074
0:0:0:0:0:0:0:1 - - [14/Nov/2019:15:42:37 +0530] "GET /WebApp/get-context HTTP/1.1" 200 19
0:0:0:0:0:0:0:1 - - [14/Nov/2019:15:42:39 +0530] "GET /WebApp/get-context HTTP/1.1" 200 19
0:0:0:0:0:0:0:1 - - [14/Nov/2019:15:42:42 +0530] "GET /WebApp/set-context HTTP/1.1" 200 44
0:0:0:0:0:0:0:1 - - [14/Nov/2019:15:43:01 +0530] "GET /WebApp/get-context HTTP/1.1" 200 40
127.0.0.1 - - [14/Nov/2019:16:14:45 +0530] "GET / HTTP/1.1" 404 1074
0:0:0:0:0:0:0:1 - - [14/Nov/2019:16:15:01 +0530] "GET /WebApp/first HTTP/1.1" 200 188
0:0:0:0:0:0:0:1 - - [14/Nov/2019:16:15:17 +0530] "GET /WebApp/forward HTTP/1.1" 500 3774
0:0:0:0:0:0:0:1 - - [14/Nov/2019:16:15:55 +0530] "GET /WebApp/forward HTTP/1.1" 404 1047
0:0:0:0:0:0:0:1 - - [14/Nov/2019:16:15:58 +0530] "GET /WebApp/forward HTTP/1.1" 404 1047
0:0:0:0:0:0:0:1 - - [14/Nov/2019:16:16:49 +0530] "GET /WebApp/forward HTTP/1.1" 404 1047
0:0:0:0:0:0:0:1 - - [14/Nov/2019:16:17:31 +0530] "GET /WebApp/forward HTTP/1.1" 404 1047
0:0:0:0:0:0:0:1 - - [14/Nov/2019:16:20:04 +0530] "GET /WebApp/forward HTTP/1.1" 404 1047
0:0:0:0:0:0:0:1 - - [14/Nov/2019:16:20:22 +0530] "GET /WebApp/forward HTTP/1.1" 404 1047
0:0:0:0:0:0:0:1 - - [14/Nov/2019:16:21:04 +0530] "GET /WebApp/forward HTTP/1.1" 404 1047
127.0.0.1 - - [14/Nov/2019:16:21:27 +0530] "GET / HTTP/1.1" 404 1074
0:0:0:0:0:0:0:1 - - [14/Nov/2019:16:21:48 +0530] "GET /WebApp/forward HTTP/1.1" 200 188
127.0.0.1 - - [14/Nov/2019:16:48:18 +0530] "GET / HTTP/1.1" 404 1074
0:0:0:0:0:0:0:1 - - [14/Nov/2019:16:48:33 +0530] "GET /WebApp/create-cookie HTTP/1.1" 200 25
127.0.0.1 - - [14/Nov/2019:16:58:38 +0530] "GET / HTTP/1.1" 404 1074
0:0:0:0:0:0:0:1 - - [14/Nov/2019:16:59:05 +0530] "GET /WebApp/cookie-deleted HTTP/1.1" 200 42
